MPLINK 4.37, Linker
Linker Map File - Created Mon Apr 11 22:51:10 2011

                                 Section Info
                  Section       Type    Address   Location Size(Bytes)
                ---------  ---------  ---------  ---------  ---------
                   Resetv       code   0x000000    program   0x000004
                   .cinit    romdata   0x000002    program   0x000004
                    vectr       code   0x000004    program   0x000132
                hllupuser       code   0x00009d    program   0x000206
                   kernel       code   0x0001a0    program   0x00019e
                 hllt4515       code   0x00026f    program   0x000190
                   hlog1c       code   0x000337    program   0x000152
                 hllt4512       code   0x0003e0    program   0x000022
                 hllt4516       code   0x0003f1    program   0x000014
                  ansiart       code   0x000400    program   0x00013e
                   hlpal1       code   0x00049f    program   0x0000f4
                   analog       code   0x000519    program   0x0000cc
                     main       code   0x00057f    program   0x0000ae
                 hllt4517       code   0x0005d6    program   0x000098
                  cprntuc       code   0x000622    program   0x000084
                hllcmppic       code   0x000664    program   0x000070
                  hloedbg       code   0x00069c    program   0x00004c
    .config_2007_TARGET.O       code   0x002007    program   0x000002
                   ukrnl3      udata   0x000020       data   0x000050
                   ukrshr      udata   0x000070       data   0x00000c
                 mainvars      udata   0x00007c       data   0x000003
                   ukrnl2      udata   0x0000a0       data   0x000050
                   ukernl      udata   0x000120       data   0x000003
                  ansiadt      udata   0x000123       data   0x000002
               hllv2isday      udata   0x000125       data   0x000001
                  ansiadu      udata   0x000126       data   0x000001



                              Program Memory Usage 
                               Start         End      
                           ---------   ---------      
                            0x000000    0x0003fa      
                            0x000400    0x0006c1      
                            0x002007    0x002007      
            1726 out of 4358 program addresses used, program memory utilization is 39%



                              Symbols - Sorted by Name
                     Name    Address   Location    Storage File                     
                ---------  ---------  ---------  --------- ---------                
                  ExitISR   0x000091    program     static f:\Beau\scrapnet\target.asm
                      ISR   0x000004    program     static f:\Beau\scrapnet\target.asm
             _analog_0058   0x000571    program     static f:\Beau\scrapnet\analog.asm
             _analog_0061   0x00057a    program     static f:\Beau\scrapnet\analog.asm
            _ansiart_006E   0x00046e    program     static f:\Beau\scrapnet\ansiart.asm
            _ansiart_0075   0x000475    program     static f:\Beau\scrapnet\ansiart.asm
          _hllcmppic_001A   0x00067e    program     static f:\Beau\scrapnet\compare.asm
          _hllcmppic_0026   0x00068a    program     static f:\Beau\scrapnet\compare.asm
          _hllcmppic_0033   0x000697    program     static f:\Beau\scrapnet\compare.asm
             _kernel_0009   0x0001a9    program     static f:\Beau\scrapnet\kernel.asm
             _kernel_001B   0x0001bb    program     static f:\Beau\scrapnet\kernel.asm
             _kernel_0022   0x0001c2    program     static f:\Beau\scrapnet\kernel.asm
             _kernel_0030   0x0001d0    program     static f:\Beau\scrapnet\kernel.asm
             _kernel_0032   0x0001d2    program     static f:\Beau\scrapnet\kernel.asm
             _kernel_0043   0x0001e3    program     static f:\Beau\scrapnet\kernel.asm
             _kernel_0045   0x0001e5    program     static f:\Beau\scrapnet\kernel.asm
             _kernel_0061   0x000201    program     static f:\Beau\scrapnet\kernel.asm
             _kernel_006F   0x00020f    program     static f:\Beau\scrapnet\kernel.asm
             _kernel_0092   0x000232    program     static f:\Beau\scrapnet\kernel.asm
             _kernel_00A0   0x000240    program     static f:\Beau\scrapnet\kernel.asm
             _kernel_00B3   0x000253    program     static f:\Beau\scrapnet\kernel.asm
             _kernel_00C0   0x000260    program     static f:\Beau\scrapnet\kernel.asm
                      add   0x0001ac    program     extern f:\Beau\scrapnet\kernel.asm
                     andb   0x000353    program     extern f:\Beau\scrapnet\logic.asm
                     andu   0x000363    program     extern f:\Beau\scrapnet\logic.asm
                  autovar   0x00022d    program     extern f:\Beau\scrapnet\kernel.asm
                   bigbar   0x00026f    program     static f:\Beau\scrapnet\target.asm
                 clearbit   0x0003a5    program     extern f:\Beau\scrapnet\logic.asm
                      cls   0x00044a    program     extern f:\Beau\scrapnet\ansiart.asm
                      day   0x0004dc    program     extern f:\Beau\scrapnet\palette.asm
                   dbgpku   0x00069c    program     extern f:\Beau\scrapnet\ansiart.asm
                   dbgstk   0x0006b5    program     extern f:\Beau\scrapnet\ansiart.asm
                     divu   0x0001d7    program     extern f:\Beau\scrapnet\kernel.asm
                       eq   0x0001f4    program     extern f:\Beau\scrapnet\kernel.asm
                    getch   0x0001ea    program     extern f:\Beau\scrapnet\kernel.asm
                    geth2   0x0001ec    program     static f:\Beau\scrapnet\kernel.asm
                      geu   0x000664    program     extern f:\Beau\scrapnet\compare.asm
                  graphxy   0x000400    program     extern f:\Beau\scrapnet\ansiart.asm
                      gti   0x000678    program     extern f:\Beau\scrapnet\compare.asm
                hllbmkAAA   0x000429    program     static f:\Beau\scrapnet\ansiart.asm
                hllbmkAAA   0x000670    program     static f:\Beau\scrapnet\compare.asm
                hllbmkAAA   0x000377    program     static f:\Beau\scrapnet\logic.asm
                hllbmkBAA   0x00037d    program     static f:\Beau\scrapnet\logic.asm
                hllbmkBAA   0x000433    program     static f:\Beau\scrapnet\ansiart.asm
                hllbmkBAA   0x000674    program     static f:\Beau\scrapnet\compare.asm
                hllbmkCAA   0x000384    program     static f:\Beau\scrapnet\logic.asm
                hllbmkCAA   0x00043f    program     static f:\Beau\scrapnet\ansiart.asm
                hllbmkCAA   0x000688    program     static f:\Beau\scrapnet\compare.asm
                hllbmkDAA   0x00038b    program     static f:\Beau\scrapnet\logic.asm
                hllbmkDAA   0x000449    program     static f:\Beau\scrapnet\ansiart.asm
                hllbmkEAA   0x00046b    program     static f:\Beau\scrapnet\ansiart.asm
                hllbmkEAA   0x000392    program     static f:\Beau\scrapnet\logic.asm
                hllbmkFAA   0x000399    program     static f:\Beau\scrapnet\logic.asm
                hllbmkGAA   0x0003a0    program     static f:\Beau\scrapnet\logic.asm
                hllbmkHAA   0x0003a2    program     static f:\Beau\scrapnet\logic.asm
                hllbmkIAA   0x0003b2    program     static f:\Beau\scrapnet\logic.asm
                hllbmkJAA   0x0003b8    program     static f:\Beau\scrapnet\logic.asm
                hllbmkKAA   0x0003bf    program     static f:\Beau\scrapnet\logic.asm
                hllbmkLAA   0x0003c6    program     static f:\Beau\scrapnet\logic.asm
                hllbmkMAA   0x0003cd    program     static f:\Beau\scrapnet\logic.asm
                hllbmkNAA   0x0003d4    program     static f:\Beau\scrapnet\logic.asm
                hllbmkOAA   0x0003db    program     static f:\Beau\scrapnet\logic.asm
                hllbmkPAA   0x0003dd    program     static f:\Beau\scrapnet\logic.asm
               hlllb51J12   0x000140    program     static f:\Beau\scrapnet\target.asm
               hlllb51J13   0x000146    program     static f:\Beau\scrapnet\target.asm
                hlllb51J2   0x000023    program     static f:\Beau\scrapnet\target.asm
               hlllb51J20   0x00061d    program     static f:\Beau\scrapnet\target.asm
               hlllb51J21   0x00061d    program     static f:\Beau\scrapnet\target.asm
                hlllb51J3   0x000073    program     static f:\Beau\scrapnet\target.asm
                hlllb51J4   0x00003a    program     static f:\Beau\scrapnet\target.asm
                hlllb51J5   0x000040    program     static f:\Beau\scrapnet\target.asm
                hlllb51J6   0x000063    program     static f:\Beau\scrapnet\target.asm
                hlllb51J8   0x000058    program     static f:\Beau\scrapnet\target.asm
                hlllb51J9   0x000062    program     static f:\Beau\scrapnet\target.asm
              hllnotisr49   0x000091    program     static f:\Beau\scrapnet\target.asm
                hllprgen2   0x000621    program     static f:\Beau\scrapnet\target.asm
               hllprogend   0x00019f    program     static f:\Beau\scrapnet\target.asm
              hlluserprog   0x00009d    program     static f:\Beau\scrapnet\target.asm
                   hloego   0x00057f    program     static f:\Beau\scrapnet\target.asm
                     kpop   0x00022f    program     extern f:\Beau\scrapnet\kernel.asm
                    kpush   0x000250    program     extern f:\Beau\scrapnet\kernel.asm
                     mcls   0x0003f1    program     static f:\Beau\scrapnet\target.asm
                     modu   0x0001c4    program     extern f:\Beau\scrapnet\kernel.asm
                    mseed   0x0005d6    program     static f:\Beau\scrapnet\target.asm
                      mul   0x0001a0    program     extern f:\Beau\scrapnet\kernel.asm
                     nbnb   0x00033c    program     static f:\Beau\scrapnet\logic.asm
                     ncnc   0x00033d    program     static f:\Beau\scrapnet\logic.asm
                    negti   0x0001b3    program     extern f:\Beau\scrapnet\kernel.asm
                    night   0x00049f    program     extern f:\Beau\scrapnet\palette.asm
                     notb   0x000337    program     extern f:\Beau\scrapnet\logic.asm
                   onnte1   0x00052e    program     static f:\Beau\scrapnet\analog.asm
                   onnte2   0x00053a    program     static f:\Beau\scrapnet\analog.asm
                   onnte3   0x000546    program     static f:\Beau\scrapnet\analog.asm
                   onnte4   0x000552    program     static f:\Beau\scrapnet\analog.asm
                      orb   0x00033e    program     extern f:\Beau\scrapnet\logic.asm
                      oru   0x00035c    program     extern f:\Beau\scrapnet\logic.asm
                    outii   0x000559    program     static f:\Beau\scrapnet\analog.asm
                     parm   0x0001fe    program     extern f:\Beau\scrapnet\kernel.asm
                  printch   0x0001b6    program     extern f:\Beau\scrapnet\kernel.asm
                printchxy   0x00047d    program     extern f:\Beau\scrapnet\ansiart.asm
                   printu   0x000622    program     extern f:\Beau\scrapnet\ansiart.asm
                 resample   0x000576    program     extern f:\Beau\scrapnet\analog.asm
                   sample   0x000519    program     extern f:\Beau\scrapnet\analog.asm
                   setbit   0x00036a    program     extern f:\Beau\scrapnet\logic.asm
               waitbutton   0x0003e0    program     static f:\Beau\scrapnet\target.asm
                     xoru   0x000355    program     extern f:\Beau\scrapnet\logic.asm
                   zzorz1   0x000346    program     static f:\Beau\scrapnet\logic.asm
                   zzorz2   0x00034f    program     static f:\Beau\scrapnet\logic.asm
                 ALT_Save   0x00007a       data     extern f:\Beau\scrapnet\kernel.asm
                 FSR_Save   0x000079       data     extern f:\Beau\scrapnet\kernel.asm
                  PC_Save   0x00007e       data     static f:\Beau\scrapnet\target.asm
              STATUS_Save   0x000078       data     extern f:\Beau\scrapnet\kernel.asm
                   W_Save   0x000077       data     extern f:\Beau\scrapnet\kernel.asm
                   aart00   0x000123       data     static f:\Beau\scrapnet\ansiart.asm
                   aart01   0x000124       data     static f:\Beau\scrapnet\ansiart.asm
                 aartpr00   0x000126       data     static f:\Beau\scrapnet\ansiart.asm
                  alt_fsr   0x000076       data     extern f:\Beau\scrapnet\kernel.asm
                alt_stack   0x000020       data     extern f:\Beau\scrapnet\kernel.asm
             hloekernel00   0x000120       data     extern f:\Beau\scrapnet\kernel.asm
             hloekernel01   0x000121       data     extern f:\Beau\scrapnet\kernel.asm
             hloekernel02   0x000122       data     extern f:\Beau\scrapnet\kernel.asm
                   in_isr   0x00007b       data     extern f:\Beau\scrapnet\kernel.asm
                    isday   0x000125       data     static f:\Beau\scrapnet\target.asm
                    pbase   0x00007c       data     static f:\Beau\scrapnet\target.asm
                 pbaseisr   0x00007d       data     static f:\Beau\scrapnet\target.asm
               softstack0   0x000070       data     extern f:\Beau\scrapnet\kernel.asm
            softstack0isr   0x000071       data     static f:\Beau\scrapnet\kernel.asm
               softstack1   0x000072       data     extern f:\Beau\scrapnet\kernel.asm
            softstack1isr   0x000073       data     static f:\Beau\scrapnet\kernel.asm
               softstack2   0x000074       data     static f:\Beau\scrapnet\kernel.asm
            softstack2isr   0x000075       data     static f:\Beau\scrapnet\kernel.asm
                    stack   0x0000a0       data     extern f:\Beau\scrapnet\kernel.asm



                              Symbols - Sorted by Address
                     Name    Address   Location    Storage File                     
                ---------  ---------  ---------  --------- ---------                
                      ISR   0x000004    program     static f:\Beau\scrapnet\target.asm
                hlllb51J2   0x000023    program     static f:\Beau\scrapnet\target.asm
                hlllb51J4   0x00003a    program     static f:\Beau\scrapnet\target.asm
                hlllb51J5   0x000040    program     static f:\Beau\scrapnet\target.asm
                hlllb51J8   0x000058    program     static f:\Beau\scrapnet\target.asm
                hlllb51J9   0x000062    program     static f:\Beau\scrapnet\target.asm
                hlllb51J6   0x000063    program     static f:\Beau\scrapnet\target.asm
                hlllb51J3   0x000073    program     static f:\Beau\scrapnet\target.asm
                  ExitISR   0x000091    program     static f:\Beau\scrapnet\target.asm
              hllnotisr49   0x000091    program     static f:\Beau\scrapnet\target.asm
              hlluserprog   0x00009d    program     static f:\Beau\scrapnet\target.asm
               hlllb51J12   0x000140    program     static f:\Beau\scrapnet\target.asm
               hlllb51J13   0x000146    program     static f:\Beau\scrapnet\target.asm
               hllprogend   0x00019f    program     static f:\Beau\scrapnet\target.asm
                      mul   0x0001a0    program     extern f:\Beau\scrapnet\kernel.asm
             _kernel_0009   0x0001a9    program     static f:\Beau\scrapnet\kernel.asm
                      add   0x0001ac    program     extern f:\Beau\scrapnet\kernel.asm
                    negti   0x0001b3    program     extern f:\Beau\scrapnet\kernel.asm
                  printch   0x0001b6    program     extern f:\Beau\scrapnet\kernel.asm
             _kernel_001B   0x0001bb    program     static f:\Beau\scrapnet\kernel.asm
             _kernel_0022   0x0001c2    program     static f:\Beau\scrapnet\kernel.asm
                     modu   0x0001c4    program     extern f:\Beau\scrapnet\kernel.asm
             _kernel_0030   0x0001d0    program     static f:\Beau\scrapnet\kernel.asm
             _kernel_0032   0x0001d2    program     static f:\Beau\scrapnet\kernel.asm
                     divu   0x0001d7    program     extern f:\Beau\scrapnet\kernel.asm
             _kernel_0043   0x0001e3    program     static f:\Beau\scrapnet\kernel.asm
             _kernel_0045   0x0001e5    program     static f:\Beau\scrapnet\kernel.asm
                    getch   0x0001ea    program     extern f:\Beau\scrapnet\kernel.asm
                    geth2   0x0001ec    program     static f:\Beau\scrapnet\kernel.asm
                       eq   0x0001f4    program     extern f:\Beau\scrapnet\kernel.asm
                     parm   0x0001fe    program     extern f:\Beau\scrapnet\kernel.asm
             _kernel_0061   0x000201    program     static f:\Beau\scrapnet\kernel.asm
             _kernel_006F   0x00020f    program     static f:\Beau\scrapnet\kernel.asm
                  autovar   0x00022d    program     extern f:\Beau\scrapnet\kernel.asm
                     kpop   0x00022f    program     extern f:\Beau\scrapnet\kernel.asm
             _kernel_0092   0x000232    program     static f:\Beau\scrapnet\kernel.asm
             _kernel_00A0   0x000240    program     static f:\Beau\scrapnet\kernel.asm
                    kpush   0x000250    program     extern f:\Beau\scrapnet\kernel.asm
             _kernel_00B3   0x000253    program     static f:\Beau\scrapnet\kernel.asm
             _kernel_00C0   0x000260    program     static f:\Beau\scrapnet\kernel.asm
                   bigbar   0x00026f    program     static f:\Beau\scrapnet\target.asm
                     notb   0x000337    program     extern f:\Beau\scrapnet\logic.asm
                     nbnb   0x00033c    program     static f:\Beau\scrapnet\logic.asm
                     ncnc   0x00033d    program     static f:\Beau\scrapnet\logic.asm
                      orb   0x00033e    program     extern f:\Beau\scrapnet\logic.asm
                   zzorz1   0x000346    program     static f:\Beau\scrapnet\logic.asm
                   zzorz2   0x00034f    program     static f:\Beau\scrapnet\logic.asm
                     andb   0x000353    program     extern f:\Beau\scrapnet\logic.asm
                     xoru   0x000355    program     extern f:\Beau\scrapnet\logic.asm
                      oru   0x00035c    program     extern f:\Beau\scrapnet\logic.asm
                     andu   0x000363    program     extern f:\Beau\scrapnet\logic.asm
                   setbit   0x00036a    program     extern f:\Beau\scrapnet\logic.asm
                hllbmkAAA   0x000377    program     static f:\Beau\scrapnet\logic.asm
                hllbmkBAA   0x00037d    program     static f:\Beau\scrapnet\logic.asm
                hllbmkCAA   0x000384    program     static f:\Beau\scrapnet\logic.asm
                hllbmkDAA   0x00038b    program     static f:\Beau\scrapnet\logic.asm
                hllbmkEAA   0x000392    program     static f:\Beau\scrapnet\logic.asm
                hllbmkFAA   0x000399    program     static f:\Beau\scrapnet\logic.asm
                hllbmkGAA   0x0003a0    program     static f:\Beau\scrapnet\logic.asm
                hllbmkHAA   0x0003a2    program     static f:\Beau\scrapnet\logic.asm
                 clearbit   0x0003a5    program     extern f:\Beau\scrapnet\logic.asm
                hllbmkIAA   0x0003b2    program     static f:\Beau\scrapnet\logic.asm
                hllbmkJAA   0x0003b8    program     static f:\Beau\scrapnet\logic.asm
                hllbmkKAA   0x0003bf    program     static f:\Beau\scrapnet\logic.asm
                hllbmkLAA   0x0003c6    program     static f:\Beau\scrapnet\logic.asm
                hllbmkMAA   0x0003cd    program     static f:\Beau\scrapnet\logic.asm
                hllbmkNAA   0x0003d4    program     static f:\Beau\scrapnet\logic.asm
                hllbmkOAA   0x0003db    program     static f:\Beau\scrapnet\logic.asm
                hllbmkPAA   0x0003dd    program     static f:\Beau\scrapnet\logic.asm
               waitbutton   0x0003e0    program     static f:\Beau\scrapnet\target.asm
                     mcls   0x0003f1    program     static f:\Beau\scrapnet\target.asm
                  graphxy   0x000400    program     extern f:\Beau\scrapnet\ansiart.asm
                hllbmkAAA   0x000429    program     static f:\Beau\scrapnet\ansiart.asm
                hllbmkBAA   0x000433    program     static f:\Beau\scrapnet\ansiart.asm
                hllbmkCAA   0x00043f    program     static f:\Beau\scrapnet\ansiart.asm
                hllbmkDAA   0x000449    program     static f:\Beau\scrapnet\ansiart.asm
                      cls   0x00044a    program     extern f:\Beau\scrapnet\ansiart.asm
                hllbmkEAA   0x00046b    program     static f:\Beau\scrapnet\ansiart.asm
            _ansiart_006E   0x00046e    program     static f:\Beau\scrapnet\ansiart.asm
            _ansiart_0075   0x000475    program     static f:\Beau\scrapnet\ansiart.asm
                printchxy   0x00047d    program     extern f:\Beau\scrapnet\ansiart.asm
                    night   0x00049f    program     extern f:\Beau\scrapnet\palette.asm
                      day   0x0004dc    program     extern f:\Beau\scrapnet\palette.asm
                   sample   0x000519    program     extern f:\Beau\scrapnet\analog.asm
                   onnte1   0x00052e    program     static f:\Beau\scrapnet\analog.asm
                   onnte2   0x00053a    program     static f:\Beau\scrapnet\analog.asm
                   onnte3   0x000546    program     static f:\Beau\scrapnet\analog.asm
                   onnte4   0x000552    program     static f:\Beau\scrapnet\analog.asm
                    outii   0x000559    program     static f:\Beau\scrapnet\analog.asm
             _analog_0058   0x000571    program     static f:\Beau\scrapnet\analog.asm
                 resample   0x000576    program     extern f:\Beau\scrapnet\analog.asm
             _analog_0061   0x00057a    program     static f:\Beau\scrapnet\analog.asm
                   hloego   0x00057f    program     static f:\Beau\scrapnet\target.asm
                    mseed   0x0005d6    program     static f:\Beau\scrapnet\target.asm
               hlllb51J21   0x00061d    program     static f:\Beau\scrapnet\target.asm
               hlllb51J20   0x00061d    program     static f:\Beau\scrapnet\target.asm
                hllprgen2   0x000621    program     static f:\Beau\scrapnet\target.asm
                   printu   0x000622    program     extern f:\Beau\scrapnet\ansiart.asm
                      geu   0x000664    program     extern f:\Beau\scrapnet\compare.asm
                hllbmkAAA   0x000670    program     static f:\Beau\scrapnet\compare.asm
                hllbmkBAA   0x000674    program     static f:\Beau\scrapnet\compare.asm
                      gti   0x000678    program     extern f:\Beau\scrapnet\compare.asm
          _hllcmppic_001A   0x00067e    program     static f:\Beau\scrapnet\compare.asm
                hllbmkCAA   0x000688    program     static f:\Beau\scrapnet\compare.asm
          _hllcmppic_0026   0x00068a    program     static f:\Beau\scrapnet\compare.asm
          _hllcmppic_0033   0x000697    program     static f:\Beau\scrapnet\compare.asm
                   dbgpku   0x00069c    program     extern f:\Beau\scrapnet\ansiart.asm
                   dbgstk   0x0006b5    program     extern f:\Beau\scrapnet\ansiart.asm
                alt_stack   0x000020       data     extern f:\Beau\scrapnet\kernel.asm
               softstack0   0x000070       data     extern f:\Beau\scrapnet\kernel.asm
            softstack0isr   0x000071       data     static f:\Beau\scrapnet\kernel.asm
               softstack1   0x000072       data     extern f:\Beau\scrapnet\kernel.asm
            softstack1isr   0x000073       data     static f:\Beau\scrapnet\kernel.asm
               softstack2   0x000074       data     static f:\Beau\scrapnet\kernel.asm
            softstack2isr   0x000075       data     static f:\Beau\scrapnet\kernel.asm
                  alt_fsr   0x000076       data     extern f:\Beau\scrapnet\kernel.asm
                   W_Save   0x000077       data     extern f:\Beau\scrapnet\kernel.asm
              STATUS_Save   0x000078       data     extern f:\Beau\scrapnet\kernel.asm
                 FSR_Save   0x000079       data     extern f:\Beau\scrapnet\kernel.asm
                 ALT_Save   0x00007a       data     extern f:\Beau\scrapnet\kernel.asm
                   in_isr   0x00007b       data     extern f:\Beau\scrapnet\kernel.asm
                    pbase   0x00007c       data     static f:\Beau\scrapnet\target.asm
                 pbaseisr   0x00007d       data     static f:\Beau\scrapnet\target.asm
                  PC_Save   0x00007e       data     static f:\Beau\scrapnet\target.asm
                    stack   0x0000a0       data     extern f:\Beau\scrapnet\kernel.asm
             hloekernel00   0x000120       data     extern f:\Beau\scrapnet\kernel.asm
             hloekernel01   0x000121       data     extern f:\Beau\scrapnet\kernel.asm
             hloekernel02   0x000122       data     extern f:\Beau\scrapnet\kernel.asm
                   aart00   0x000123       data     static f:\Beau\scrapnet\ansiart.asm
                   aart01   0x000124       data     static f:\Beau\scrapnet\ansiart.asm
                    isday   0x000125       data     static f:\Beau\scrapnet\target.asm
                 aartpr00   0x000126       data     static f:\Beau\scrapnet\ansiart.asm


